Archive member included to satisfy reference by file (symbol)

/usr/lib/x86_64-linux-gnu/libc_nonshared.a(elf-init.oS)
                              /usr/lib/gcc/x86_64-linux-gnu/7/../../../x86_64-linux-gnu/Scrt1.o (__libc_csu_init)

As-needed library included to satisfy reference by file (symbol)

libc.so.6                     build/i_scale.o (fflush@@GLIBC_2.2.5)
libX11.so.6                   build/doomgeneric_xlib.o (XSetForeground)

Allocating common symbols
Common symbol       size              file

secondslidefrac     0x4               build/p_map.o
bottomtexture       0x4               build/r_segs.o
curline             0x8               build/r_bsp.o
nodrawers           0x4               build/g_game.o
dccount             0x4               build/r_draw.o
savegamestrings     0xf0              build/m_menu.o
extralight          0x4               build/r_main.o
usergame            0x4               build/g_game.o
casttics            0x4               build/f_finale.o
d_map               0x4               build/g_game.o
displayplayer       0x4               build/g_game.o
sendpause           0x4               build/g_game.o
linecount           0x4               build/r_main.o
netgame             0x4               build/g_game.o
startskill          0x4               build/d_main.o
main_e              0x4               build/m_menu.o
advancedemo         0x4               build/d_main.o
bmaporgy            0x4               build/p_setup.o
activeceilings      0xf0              build/p_ceilng.o
rw_x                0x4               build/r_segs.o
slidemo             0x8               build/p_map.o
cachedheight        0x320             build/r_plane.o
switchlist          0x190             build/p_switch.o
levelstarttic       0x4               build/g_game.o
sttminus            0x8               build/st_lib.o
screenvisible       0x4               build/i_video.o
centerxfrac         0x4               build/r_main.o
rw_angle1           0x4               build/r_segs.o
viletryx            0x4               build/p_enemy.o
mceilingclip        0x8               build/r_things.o
sightcounts         0x8               build/p_sight.o
itemOn              0x2               build/m_menu.o
sprtopscreen        0x4               build/r_things.o
topfrac             0x4               build/r_segs.o
nofit               0x4               build/p_map.o
bestslidefrac       0x4               build/p_map.o
intercepts          0xbd0             build/p_maputl.o
bottomslope         0x4               build/p_sight.o
segs                0x8               build/p_setup.o
tmthing             0x8               build/p_map.o
castnum             0x4               build/f_finale.o
newvissprite        0x4               build/r_things.o
ds_y                0x4               build/r_draw.o
deathmatch_p        0x8               build/p_setup.o
pixhigh             0x4               build/r_segs.o
ds_x2               0x4               build/r_draw.o
st_backing_screen   0x8               build/st_stuff.o
visplanes           0x14c00           build/r_plane.o
viewangleoffset     0x4               build/r_main.o
numsubsectors       0x4               build/p_setup.o
mousex              0x4               build/g_game.o
colfunc             0x8               build/r_main.o
saveOldString       0x18              build/m_menu.o
floorplane          0x8               build/r_plane.o
transcolfunc        0x8               build/r_main.o
deathmatchstarts    0x64              build/p_setup.o
lastpatch           0x4               build/r_data.o
scaledviewwidth     0x4               build/r_draw.o
lasttime            0x4               build/d_loop.o
screenheightarray   0x280             build/r_things.o
firstflat           0x4               build/r_data.o
mainzone            0x8               build/z_zone.o
newend              0x8               build/r_bsp.o
levelTimeCount      0x4               build/p_spec.o
tempstring          0x50              build/m_menu.o
dc_x                0x4               build/r_draw.o
playeringame        0x10              build/g_game.o
numsides            0x4               build/p_setup.o
rw_distance         0x4               build/r_segs.o
basecolfunc         0x8               build/r_main.o
gameepisode         0x4               build/g_game.o
ds_ystep            0x4               build/r_draw.o
texturecolumnlump   0x8               build/r_data.o
lumpinfo            0x8               build/w_wad.o
currentMenu         0x8               build/m_menu.o
vileobj             0x8               build/p_enemy.o
ylookup             0x1a00            build/r_draw.o
savegame_error      0x4               build/p_saveg.o
netdemo             0x4               build/g_game.o
drawsegs            0x4000            build/r_bsp.o
earlyout            0x4               build/p_maputl.o
epi                 0x4               build/m_menu.o
baseyscale          0x4               build/r_plane.o
numtextures         0x4               build/r_data.o
[...]
Memory Configuration

Name             Origin             Length             Attributes
*default*        0x0000000000000000 0xffffffffffffffff

Linker script and memory map

LOAD /usr/lib/gcc/x86_64-linux-gnu/7/../../../x86_64-linux-gnu/Scrt1.o
LOAD /usr/lib/gcc/x86_64-linux-gnu/7/../../../x86_64-linux-gnu/crti.o
LOAD /usr/lib/gcc/x86_64-linux-gnu/7/crtbeginS.o
LOAD build/i_main.o
LOAD build/dummy.o
LOAD build/am_map.o
LOAD build/doomdef.o
LOAD build/doomstat.o
LOAD build/dstrings.o
LOAD build/d_event.o
LOAD build/d_items.o
LOAD build/d_iwad.o
LOAD build/d_loop.o
LOAD build/d_main.o
LOAD build/d_mode.o
LOAD build/d_net.o
LOAD build/f_finale.o
LOAD build/f_wipe.o
LOAD build/g_game.o
LOAD build/hu_lib.o
LOAD build/hu_stuff.o
LOAD build/info.o
LOAD build/i_cdmus.o
LOAD build/i_endoom.o
LOAD build/i_joystick.o
LOAD build/i_scale.o
LOAD build/i_sound.o
LOAD build/i_system.o
LOAD build/i_timer.o
LOAD build/memio.o
LOAD build/m_argv.o
LOAD build/m_bbox.o
LOAD build/m_cheat.o
LOAD build/m_config.o
LOAD build/m_controls.o
LOAD build/m_fixed.o
LOAD build/m_menu.o
LOAD build/m_misc.o
LOAD build/m_random.o
LOAD build/p_ceilng.o
LOAD build/p_doors.o
LOAD build/p_enemy.o
LOAD build/p_floor.o
LOAD build/p_inter.o
LOAD build/p_lights.o
LOAD build/p_map.o
LOAD build/p_maputl.o
LOAD build/p_mobj.o
LOAD build/p_plats.o
LOAD build/p_pspr.o
LOAD build/p_saveg.o
LOAD build/p_setup.o
LOAD build/p_sight.o
LOAD build/p_spec.o
LOAD build/p_switch.o
LOAD build/p_telept.o
LOAD build/p_tick.o
LOAD build/p_user.o
LOAD build/r_bsp.o
LOAD build/r_data.o
LOAD build/r_draw.o
LOAD build/r_main.o
LOAD build/r_plane.o
LOAD build/r_segs.o
LOAD build/r_sky.o
LOAD build/r_things.o
LOAD build/sha1.o
LOAD build/sounds.o
LOAD build/statdump.o
LOAD build/st_lib.o
LOAD build/st_stuff.o
LOAD build/s_sound.o
LOAD build/tables.o
LOAD build/v_video.o
LOAD build/wi_stuff.o
LOAD build/w_checksum.o
LOAD build/w_file.o
LOAD build/w_main.o
LOAD build/w_wad.o
LOAD build/z_zone.o
LOAD build/w_file_stdc.o
LOAD build/i_input.o
LOAD build/i_video.o
LOAD build/doomgeneric.o
LOAD build/doomgeneric_xlib.o
LOAD /usr/lib/gcc/x86_64-linux-gnu/7/../../../x86_64-linux-gnu/libm.so
START GROUP
LOAD /lib/x86_64-linux-gnu/libm.so.6
LOAD /usr/lib/x86_64-linux-gnu/libmvec_nonshared.a
LOAD /lib/x86_64-linux-gnu/libmvec.so.1
END GROUP
LOAD /usr/lib/gcc/x86_64-linux-gnu/7/../../../x86_64-linux-gnu/libc.so
START GROUP
LOAD /lib/x86_64-linux-gnu/libc.so.6
LOAD /usr/lib/x86_64-linux-gnu/libc_nonshared.a
LOAD /lib/x86_64-linux-gnu/ld-linux-x86-64.so.2
END GROUP
LOAD /usr/lib/gcc/x86_64-linux-gnu/7/../../../x86_64-linux-gnu/libX11.so
LOAD /usr/lib/gcc/x86_64-linux-gnu/7/libgcc.a
LOAD /usr/lib/gcc/x86_64-linux-gnu/7/libgcc_s.so
START GROUP
LOAD /usr/lib/gcc/x86_64-linux-gnu/7/libgcc_s.so.1
LOAD /usr/lib/gcc/x86_64-linux-gnu/7/libgcc.a
END GROUP
LOAD /usr/lib/gcc/x86_64-linux-gnu/7/../../../x86_64-linux-gnu/libc.so
START GROUP
LOAD /lib/x86_64-linux-gnu/libc.so.6
LOAD /usr/lib/x86_64-linux-gnu/libc_nonshared.a
LOAD /lib/x86_64-linux-gnu/ld-linux-x86-64.so.2
END GROUP
LOAD /usr/lib/gcc/x86_64-linux-gnu/7/libgcc.a
LOAD /usr/lib/gcc/x86_64-linux-gnu/7/libgcc_s.so
START GROUP
LOAD /usr/lib/gcc/x86_64-linux-gnu/7/libgcc_s.so.1
LOAD /usr/lib/gcc/x86_64-linux-gnu/7/libgcc.a
END GROUP
LOAD /usr/lib/gcc/x86_64-linux-gnu/7/crtendS.o
LOAD /usr/lib/gcc/x86_64-linux-gnu/7/../../../x86_64-linux-gnu/crtn.o
                [!provide]                        PROVIDE (__executable_start = SEGMENT_START ("text-segment", 0x0))
                0x0000000000000238                . = (SEGMENT_START ("text-segment", 0x0) + SIZEOF_HEADERS)

.interp         0x0000000000000238       0x1c
 *(.interp)
 .interp        0x0000000000000238       0x1c /usr/lib/gcc/x86_64-linux-gnu/7/../../../x86_64-linux-gnu/Scrt1.o

.note.ABI-tag   0x0000000000000254       0x20
 .note.ABI-tag  0x0000000000000254       0x20 /usr/lib/gcc/x86_64-linux-gnu/7/../../../x86_64-linux-gnu/Scrt1.o

.note.gnu.build-id
                0x0000000000000274       0x24
 *(.note.gnu.build-id)
 .note.gnu.build-id
                0x0000000000000274       0x24 /usr/lib/gcc/x86_64-linux-gnu/7/../../../x86_64-linux-gnu/Scrt1.o

.hash
 *(.hash)

.gnu.hash       0x0000000000000298       0x3c
 *(.gnu.hash)
 .gnu.hash      0x0000000000000298       0x3c /usr/lib/gcc/x86_64-linux-gnu/7/../../../x86_64-linux-gnu/Scrt1.o

.dynsym         0x00000000000002d8      0x690
 *(.dynsym)
 .dynsym        0x00000000000002d8      0x690 /usr/lib/gcc/x86_64-linux-gnu/7/../../../x86_64-linux-gnu/Scrt1.o

.dynstr         0x0000000000000968      0x330
 *(.dynstr)
 .dynstr        0x0000000000000968      0x330 /usr/lib/gcc/x86_64-linux-gnu/7/../../../x86_64-linux-gnu/Scrt1.o

.gnu.version    0x0000000000000c98       0x8c
 *(.gnu.version)
 .gnu.version   0x0000000000000c98       0x8c /usr/lib/gcc/x86_64-linux-gnu/7/../../../x86_64-linux-gnu/Scrt1.o

.gnu.version_d  0x0000000000000d28        0x0
 *(.gnu.version_d)
 .gnu.version_d
                0x0000000000000d28        0x0 /usr/lib/gcc/x86_64-linux-gnu/7/../../../x86_64-linux-gnu/Scrt1.o

.gnu.version_r  0x0000000000000d28       0x60
 *(.gnu.version_r)
 .gnu.version_r
                0x0000000000000d28       0x60 /usr/lib/gcc/x86_64-linux-gnu/7/../../../x86_64-linux-gnu/Scrt1.o

.rela.dyn       0x0000000000000d88     0x75d8
 *(.rela.init)
 *(.rela.text .rela.text.* .rela.gnu.linkonce.t.*)
 .rela.text.startup
                0x0000000000000d88        0x0 /usr/lib/gcc/x86_64-linux-gnu/7/../../../x86_64-linux-gnu/Scrt1.o
 .rela.text     0x0000000000000d88        0x0 /usr/lib/gcc/x86_64-linux-gnu/7/../../../x86_64-linux-gnu/Scrt1.o
 *(.rela.fini)
 *(.rela.rodata .rela.rodata.* .rela.gnu.linkonce.r.*)
 *(.rela.data .rela.data.* .rela.gnu.linkonce.d.*)
 .rela.data.rel.ro
                0x0000000000000d88      0x1b0 /usr/lib/gcc/x86_64-linux-gnu/7/../../../x86_64-linux-gnu/Scrt1.o
 .rela.data.rel.local
                0x0000000000000f38     0x4230 /usr/lib/gcc/x86_64-linux-gnu/7/../../../x86_64-linux-gnu/Scrt1.o
 .rela.data.rel.ro.local
                0x0000000000005168      0x630 /usr/lib/gcc/x86_64-linux-gnu/7/../../../x86_64-linux-gnu/Scrt1.o
 .rela.data.rel
                0x0000000000005798     0x2a60 /usr/lib/gcc/x86_64-linux-gnu/7/../../../x86_64-linux-gnu/Scrt1.o
 *(.rela.tdata .rela.tdata.* .rela.gnu.linkonce.td.*)
 *(.rela.tbss .rela.tbss.* .rela.gnu.linkonce.tb.*)
 *(.rela.ctors)
 *(.rela.dtors)
 *(.rela.got)
 .rela.got      0x00000000000081f8      0x120 /usr/lib/gcc/x86_64-linux-gnu/7/../../../x86_64-linux-gnu/Scrt1.o
 *(.rela.bss .rela.bss.* .rela.gnu.linkonce.b.*)
 .rela.bss      0x0000000000008318       0x18 /usr/lib/gcc/x86_64-linux-gnu/7/../../../x86_64-linux-gnu/Scrt1.o
 *(.rela.ldata .rela.ldata.* .rela.gnu.linkonce.l.*)
 *(.rela.lbss .rela.lbss.* .rela.gnu.linkonce.lb.*)
 *(.rela.lrodata .rela.lrodata.* .rela.gnu.linkonce.lr.*)
 *(.rela.ifunc)
 .rela.ifunc    0x0000000000008330        0x0 /usr/lib/gcc/x86_64-linux-gnu/7/../../../x86_64-linux-gnu/Scrt1.o
 .rela.fini_array
                0x0000000000008330       0x18 /usr/lib/gcc/x86_64-linux-gnu/7/../../../x86_64-linux-gnu/Scrt1.o
 .rela.init_array
                0x0000000000008348       0x18 /usr/lib/gcc/x86_64-linux-gnu/7/../../../x86_64-linux-gnu/Scrt1.o

.rela.plt       0x0000000000008360      0x570
 *(.rela.plt)
 .rela.plt      0x0000000000008360      0x570 /usr/lib/gcc/x86_64-linux-gnu/7/../../../x86_64-linux-gnu/Scrt1.o
                [!provide]                        PROVIDE (__rela_iplt_start = .)
 *(.rela.iplt)
                [!provide]                        PROVIDE (__rela_iplt_end = .)

.init           0x00000000000088d0       0x17
 *(SORT_NONE(.init))
 .init          0x00000000000088d0       0x12 /usr/lib/gcc/x86_64-linux-gnu/7/../../../x86_64-linux-gnu/crti.o
                0x00000000000088d0                _init
 .init          0x00000000000088e2        0x5 /usr/lib/gcc/x86_64-linux-gnu/7/../../../x86_64-linux-gnu/crtn.o

.plt            0x00000000000088f0      0x3b0
 *(.plt)
 .plt           0x00000000000088f0      0x3b0 /usr/lib/gcc/x86_64-linux-gnu/7/../../../x86_64-linux-gnu/Scrt1.o
 *(.iplt)

.plt.got        0x0000000000008ca0        0x8
 *(.plt.got)
 .plt.got       0x0000000000008ca0        0x8 /usr/lib/gcc/x86_64-linux-gnu/7/../../../x86_64-linux-gnu/Scrt1.o

.plt.sec
 *(.plt.sec)

.text           0x0000000000008cb0    0x24782
 *(.text.unlikely .text.*_unlikely .text.unlikely.*)
 *(.text.exit .text.exit.*)
 *(.text.startup .text.startup.*)
 .text.startup  0x0000000000008cb0       0x32 build/i_main.o
                0x0000000000008cb0                main
 *(.text.hot .text.hot.*)
 *(.text .stub .text.* .gnu.linkonce.t.*)
 *fill*         0x0000000000008ce2        0xe 
 .text          0x0000000000008cf0       0x2b /usr/lib/gcc/x86_64-linux-gnu/7/../../../x86_64-linux-gnu/Scrt1.o
                0x0000000000008cf0                _start
 *fill*         0x0000000000008d1b        0x5 
 .text          0x0000000000008d20       0xda /usr/lib/gcc/x86_64-linux-gnu/7/crtbeginS.o
 .text          0x0000000000008dfa        0x1 build/dummy.o
                0x0000000000008dfa                I_InitTimidityConfig
 .text          0x0000000000008dfb     0x17f9 build/am_map.o
                0x0000000000008dfb                AM_getIslope
                0x0000000000008e59                AM_activateNewScale
                0x0000000000008ef5                AM_saveScaleAndLoc
                0x0000000000008f26                AM_restoreScaleAndLoc
                0x0000000000008fd4                AM_addMark
                0x0000000000009021                AM_findMinMaxBoundaries
                0x000000000000914c                AM_changeWindowLoc
                0x0000000000009207                AM_initVariables
                0x000000000000935f                AM_loadPics
                0x00000000000093e0                AM_unloadPics
                0x000000000000944b                AM_clearMarks
                0x000000000000946f                AM_LevelInit
                0x00000000000094e7                AM_Stop
                0x0000000000009512                AM_Start
                0x0000000000009572                AM_minOutWindowScale
                0x0000000000009598                AM_maxOutWindowScale
                0x00000000000095be                AM_Responder
                0x000000000000991a                AM_changeWindowScale
                0x000000000000996f                AM_doFollowPlayer
                0x0000000000009a4c                AM_updateLightLev
                0x0000000000009a9d                AM_Ticker
                0x0000000000009aea                AM_clearFB
                0x0000000000009b06                AM_clipMline
                0x0000000000009e18                AM_drawFline
                0x0000000000009f37                AM_drawMline
                0x0000000000009f5b                AM_drawGrid
                0x000000000000a05f                AM_drawWalls
                0x000000000000a151                AM_rotate
                0x000000000000a1c7                AM_drawLineCharacter
                0x000000000000a334                AM_drawPlayers
                0x000000000000a426                AM_drawThings
                0x000000000000a49b                AM_drawMarks
                0x000000000000a558                AM_drawCrosshair
                0x000000000000a57d                AM_Drawer
 .text          0x000000000000a5f4       0x6a build/d_event.o
                0x000000000000a5f4                D_PostEvent
                0x000000000000a629                D_PopEvent
 .text          0x000000000000a65e      0x44f build/d_iwad.o
                0x000000000000a6d5                D_FindWADByName
                0x000000000000a791                D_TryFindWADByName
                0x000000000000a7a3                D_FindIWAD
                0x000000000000a984                D_FindAllIWADs
                0x000000000000aa10                D_SaveGameIWADName
                0x000000000000aa3f                D_SuggestIWADName
                0x000000000000aa73                D_SuggestGameName
 .text          0x000000000000aaad      0x5da build/d_loop.o
                0x000000000000aaad                D_QuitNetGame
                0x000000000000ac1e                NetUpdate
                0x000000000000ac81                D_ReceiveTic
                0x000000000000ad26                D_StartGameLoop
                0x000000000000ad3e                D_StartNetGame
                0x000000000000ad78                D_InitNetGame
                0x000000000000ad9a                TryRunTics
                0x000000000000b07f                D_RegisterLoopCallbacks
 .text          0x000000000000b087     0x1554 build/d_main.o
                0x000000000000b087                D_GrabMouseCallback
                0x000000000000b117                D_ProcessEvents
                0x000000000000b147                D_BindVariables
                0x000000000000b2cb                D_PageTicker
                0x000000000000b2de                D_PageDrawer
                0x000000000000b300                D_Display
                0x000000000000b653                D_DoomLoop
                0x000000000000b725                D_AdvanceDemo
                0x000000000000b730                D_DoAdvanceDemo
                0x000000000000b8e8                D_StartTitle
                0x000000000000b907                D_IdentifyVersion
                0x000000000000baf7                D_SetGameDescription
                0x000000000000bbad                PrintDehackedBanners
                0x000000000000bbae                PrintGameVersion
                0x000000000000bbe0                D_DoomMain
 .text          0x000000000000c5db      0x18b build/d_mode.o
                0x000000000000c5db                D_ValidGameMode
                0x000000000000c607                D_ValidEpisodeMap
                0x000000000000c680                D_GetNumEpisodes
                0x000000000000c6ad                D_ValidGameVersion
                0x000000000000c6e5                D_IsEpisodeMap
                0x000000000000c700                D_GameMissionString
 .text          0x000000000000c766      0x438 build/d_net.o
                0x000000000000c83b                D_ConnectNetGame
                0x000000000000c947                D_CheckNetGame
 .text          0x000000000000cb9e      0xb77 build/f_finale.o
                0x000000000000cb9e                F_StartFinale
                0x000000000000cca5                F_TextWrite
                0x000000000000cdb0                F_StartCast
                0x000000000000ce39                F_CastTicker
                0x000000000000d1d2                F_Ticker
                0x000000000000d2ad                F_CastResponder
                0x000000000000d345                F_Responder
                0x000000000000d356                F_CastPrint
                0x000000000000d403                F_CastDrawer
                0x000000000000d494                F_DrawPatchCol
                0x000000000000d4ea                F_BunnyScroll
                0x000000000000d694                F_Drawer
 .text          0x000000000000d715      0x460 build/f_wipe.o
                0x000000000000d715                wipe_doColorXForm
                0x000000000000d772                wipe_exitColorXForm
                0x000000000000d775                wipe_doMelt
                0x000000000000d8a9                wipe_exitMelt
                0x000000000000d8d5                wipe_initColorXForm
                0x000000000000d8ee                wipe_shittyColMajorXform
                0x000000000000d972                wipe_initMelt
                0x000000000000da57                wipe_StartScreen
                0x000000000000da7f                wipe_EndScreen
                0x000000000000dad4                wipe_ScreenWipe
 .text          0x000000000000db75     0x252d build/g_game.o
                0x000000000000db75                G_CmdChecksum
                0x000000000000db7e                G_BuildTiccmd
                0x000000000000e22f                G_DoLoadLevel
                0x000000000000e3eb                G_Responder
                0x000000000000e717                G_PlayerFinishLevel
                0x000000000000e76f                G_PlayerReborn
                0x000000000000e84a                G_InitPlayer
                0x000000000000e84f                G_CheckSpot
                0x000000000000ea37                G_DeathMatchSpawnPlayer
                0x000000000000eace                G_DoReborn
                0x000000000000eb96                G_ScreenShot
                0x000000000000eba1                G_ExitLevel
                0x000000000000ebb6                G_SecretExitLevel
                0x000000000000ec0a                G_DoCompleted
                0x000000000000eec3                G_WorldDone
                0x000000000000ef2b                G_DoWorldDone
                0x000000000000ef62                G_LoadGame
                0x000000000000ef86                G_SaveGame
                0x000000000000efad                G_DoSaveGame
                0x000000000000f101                G_DeferedInitNew
                0x000000000000f11e                G_InitNew
                0x000000000000f349                G_DoLoadGame
                0x000000000000f405                G_DoNewGame
                0x000000000000f49a                G_RecordDemo
                0x000000000000f54b                G_VanillaVersionCode
                0x000000000000f58d                G_BeginRecording
                0x000000000000f6ea                G_DeferedPlayDemo
                0x000000000000f6fc                G_DoPlayDemo
                0x000000000000f960                G_TimeDemo
                0x000000000000f99d                G_CheckDemoStatus
                0x000000000000fb05                G_ReadDemoTiccmd
                0x000000000000fb8f                G_WriteDemoTiccmd
                0x000000000000fcd6                G_Ticker
 .text          0x00000000000100a2      0x4c7 build/hu_lib.o
                0x00000000000100a2                HUlib_init
                0x00000000000100a3                HUlib_clearTextLine
                0x00000000000100b6                HUlib_initTextLine
                0x00000000000100d6                HUlib_addCharToTextLine
                0x0000000000010100                HUlib_delCharFromTextLine
                0x0000000000010123                HUlib_drawTextLine
                0x00000000000101d3                HUlib_eraseTextLine
                0x0000000000010281                HUlib_initSText
                0x00000000000102ed                HUlib_addLineToSText
                0x0000000000010347                HUlib_addMessageToSText
                0x000000000001039d                HUlib_drawSText
                0x00000000000103e4                HUlib_eraseSText
                0x000000000001043b                HUlib_initIText
                0x0000000000010470                HUlib_delCharFromIText
                0x000000000001047e                HUlib_eraseLineFromIText
                0x0000000000010494                HUlib_resetIText
                0x00000000000104ae                HUlib_addPrefixToIText
                0x00000000000104d1                HUlib_keyInIText
                0x0000000000010522                HUlib_drawIText
                0x0000000000010536                HUlib_eraseIText
 .text          0x0000000000010569      0x7d9 build/hu_stuff.o
                0x0000000000010569                HU_Init
                0x00000000000105eb                HU_Stop
                0x00000000000105f6                HU_Start
                0x00000000000107d1                HU_Drawer
                0x0000000000010807                HU_Erase
                0x0000000000010830                HU_Ticker
                0x0000000000010a2c                HU_queueChatChar
                0x0000000000010a69                HU_dequeueChatChar
                0x0000000000010a92                HU_Responder
 .text          0x0000000000010d42        0x1 build/i_endoom.o
                0x0000000000010d42                I_Endoom
 .text          0x0000000000010d43      0x10d build/i_joystick.o
                0x0000000000010d43                I_ShutdownJoystick
                0x0000000000010d44                I_InitJoystick
                0x0000000000010d45                I_UpdateJoystick
                0x0000000000010d46                I_BindJoystickVariables
 .text          0x0000000000010e50      0x245 build/i_sound.o
                0x0000000000010e50                I_InitSound
                0x0000000000010ecf                I_ShutdownSound
                0x0000000000010f0a                I_GetSfxLumpNum
                0x0000000000010f1c                I_UpdateSound
                0x0000000000010f61                I_UpdateSoundParams
                0x0000000000010f96                I_StartSound
                0x0000000000010fd4                I_StopSound
                0x0000000000010fe4                I_SoundIsPlaying
                0x0000000000010ff6                I_PrecacheSounds
                0x000000000001100e                I_InitMusic
                0x000000000001100f                I_ShutdownMusic
                0x0000000000011010                I_SetMusicVolume
                0x0000000000011020                I_PauseSong
                0x0000000000011030                I_ResumeSong
                0x0000000000011040                I_RegisterSong
                0x0000000000011052                I_UnRegisterSong
                0x0000000000011062                I_PlaySong
                0x0000000000011072                I_StopSong
                0x0000000000011082                I_MusicIsPlaying
                0x0000000000011094                I_BindSoundVariables
 .text          0x0000000000011095      0x588 build/i_system.o
                0x0000000000011095                I_AtExit
                0x00000000000110c6                I_Tactile
                0x00000000000110c7                I_PrintBanner
                0x000000000001110c                I_PrintDivider
                0x000000000001112b                I_PrintStartupBanner
                0x000000000001115a                I_ConsoleStdout
                0x000000000001115d                I_Quit
                0x0000000000011174                I_Error
                0x00000000000113d7                I_ZoneBase
                0x0000000000011457                I_GetMemoryValue
 .text          0x000000000001161d       0x5e build/i_timer.o
                0x000000000001161d                I_GetTicks
                0x0000000000011624                I_GetTime
                0x0000000000011652                I_GetTimeMS
                0x0000000000011674                I_Sleep
                0x0000000000011679                I_WaitVBL
                0x000000000001167a                I_InitTimer
 .text          0x000000000001167b       0x89 build/m_argv.o
                0x000000000001167b                M_CheckParmWithArgs
                0x00000000000116c6                M_CheckParm
                0x00000000000116ca                M_ParmExists
                0x00000000000116dd                M_FindResponseFile
                0x00000000000116de                M_GetExecutableName
 .text          0x0000000000011704       0x3e build/m_bbox.o
                0x0000000000011704                M_ClearBox
                0x0000000000011720                M_AddToBox
 .text          0x0000000000011742       0xa7 build/m_cheat.o
                0x0000000000011742                cht_CheckCheat
                0x00000000000117d8                cht_GetParam
 .text          0x00000000000117e9      0x3be build/m_config.o
                0x00000000000118db                M_SetConfigFilenames
                0x00000000000118ea                M_SaveDefaults
                0x00000000000118eb                M_SaveDefaultsAlternate
                0x00000000000118ec                M_LoadDefaults
                0x00000000000119c5                M_BindVariable
                0x00000000000119db                M_SetVariable
                0x0000000000011a87                M_GetIntVariable
                0x0000000000011aae                M_GetStrVariable
                0x0000000000011ad6                M_GetFloatVariable
                0x0000000000011afd                M_SetConfigDir
                0x0000000000011b51                M_GetSaveGameDir
 .text          0x0000000000011ba7      0x963 build/m_controls.o
                0x0000000000011ba7                M_BindBaseControls
                0x0000000000011dad                M_BindHereticControls
                0x0000000000011e5d                M_BindHexenControls
                0x0000000000011f33                M_BindStrifeControls
                0x00000000000120a4                M_BindWeaponControls
                0x00000000000121b3                M_BindMapControls
                0x000000000001229c                M_BindMenuControls
                0x000000000001247c                M_BindChatControls
                0x0000000000012509                M_ApplyPlatformDefaults
 .text          0x000000000001250a       0x49 build/m_fixed.o
                0x000000000001250a                FixedMul
                0x0000000000012519                FixedDiv
 .text          0x0000000000012553     0x1bd5 build/m_menu.o
                0x0000000000012553                M_ChangeMessages
                0x00000000000125af                M_DrawReadThis2
                0x00000000000125db                M_DrawMainMenu
                0x0000000000012603                M_DrawNewGame
                0x000000000001264e                M_DrawEpisode
                0x0000000000012676                M_LoadSelect
                0x00000000000126de                M_SaveSelect
                0x0000000000012746                M_DrawReadThis1
                0x000000000001281d                M_SfxVol
                0x0000000000012854                M_MusicVol
                0x000000000001288b                M_ChangeDetail
                0x00000000000128f2                M_SizeDisplay
                0x0000000000012944                M_ChangeSensitivity
                0x000000000001296f                M_QuitResponse
                0x00000000000129c6                M_QuickLoadResponse
                0x00000000000129eb                M_VerifyNightmare
                0x0000000000012a1c                M_EndGameResponse
                0x0000000000012a46                M_ReadSaveStrings
                0x0000000000012b2c                M_DrawSaveLoadBorder
                0x0000000000012bae                M_DoSave
                0x0000000000012be5                M_QuickSaveResponse
                0x0000000000012c0a                M_DrawThermo
                0x0000000000012cd4                M_DrawSound
                0x0000000000012d3e                M_DrawOptions
                0x0000000000012e1b                M_DrawEmptyCell
                0x0000000000012e54                M_DrawSelCell
                0x0000000000012e8d                M_StartMessage
                0x0000000000012ec2                M_QuickLoad
                0x0000000000012f40                M_EndGame
                0x0000000000012f83                M_QuitDOOM
                0x0000000000012ff5                M_ChooseSkill
                0x0000000000013035                M_StopMessage
                0x000000000001304c                M_StringWidth
                0x00000000000130b1                M_StringHeight
                0x00000000000130eb                M_WriteText
                0x0000000000013165                M_DrawLoad
                0x00000000000131d4                M_DrawSave
                0x0000000000013289                M_StartControlPanel
                0x00000000000132b8                M_Drawer
                0x00000000000134e2                M_ClearMenus
                0x00000000000134ed                M_SetupNextMenu
                0x00000000000134ff                M_LoadGame
                0x000000000001352e                M_SaveGame
                0x0000000000013567                M_QuickSave
                0x0000000000013603                M_Responder
                0x0000000000013f4e                M_Sound
                0x0000000000013f5a                M_NewGame
                0x0000000000013fa1                M_Episode
                0x0000000000013ffd                M_Options
                0x0000000000014009                M_ReadThis
                0x0000000000014015                M_FinishReadThis
                0x0000000000014021                M_ReadThis2
                0x0000000000014046                M_Ticker
                0x000000000001406d                M_Init
 .text          0x0000000000014128      0x767 build/m_misc.o
                0x0000000000014128                M_MakeDirectory
                0x0000000000014132                M_FileExists
                0x0000000000014166                M_FileLength
                0x00000000000141a4                M_WriteFile
                0x00000000000141ee                M_ReadFile
                0x0000000000014288                M_StrToInt
                0x0000000000014300                M_ExtractFileBase
                0x000000000001437c                M_ForceUppercase
                0x00000000000143a5                M_StrCaseStr
                0x000000000001441c                M_StringDuplicate
                0x000000000001445a                M_StringCopy
                0x0000000000014498                M_StringReplace
                0x000000000001459b                M_StringConcat
                0x00000000000145bf                M_StringStartsWith
                0x0000000000014603                M_StringEndsWith
                0x0000000000014648                M_StringJoin
                0x0000000000014789                M_TempFile
                0x00000000000147a3                M_vsnprintf
                0x00000000000147e3                M_snprintf
 .text          0x000000000001488f       0x4f build/m_random.o
                0x000000000001488f                P_Random
                0x00000000000148ac                M_Random
                0x00000000000148c9                M_ClearRandom
 .text          0x00000000000148de      0x369 build/p_ceilng.o
                0x00000000000148de                P_AddActiveCeiling
                0x00000000000148ff                P_RemoveActiveCeiling
                0x0000000000014941                T_MoveCeiling
                0x0000000000014a8d                P_ActivateInStasisCeiling
                0x0000000000014acd                EV_DoCeiling
                0x0000000000014c02                EV_CeilingCrushStop
 .text          0x0000000000014c47      0x6f4 build/p_doors.o
                0x0000000000014c47                T_VerticalDoor
                0x0000000000014e00                EV_DoDoor
                0x0000000000014f84                EV_DoLockedDoor
                0x000000000001504b                EV_VerticalDoor
                0x000000000001526e                P_SpawnDoorCloseIn30
                0x00000000000152c6                P_SpawnDoorRaiseIn5Mins
 .text          0x000000000001533b     0x1f94 build/p_enemy.o
                0x000000000001533b                PIT_VileCheck
                0x00000000000153d6                P_RecursiveSound
                0x0000000000015489                P_NoiseAlert
                0x00000000000154a4                P_CheckMeleeRange
                0x00000000000154fd                P_CheckMissileRange
                0x0000000000015603                P_Move
                0x0000000000015726                P_TryWalk
                0x0000000000015748                P_NewChaseDir
                0x00000000000159a4                P_LookForPlayers
                0x0000000000015ab6                A_KeenDie
                0x0000000000015b41                A_Look
                0x0000000000015c04                A_Chase
                0x0000000000015dfd                A_FaceTarget
                0x0000000000015e56                A_PosAttack
                0x0000000000015ed7                A_SPosAttack
                0x0000000000015f72                A_CPosAttack
                0x0000000000015ff3                A_CPosRefire
                0x000000000001603c                A_SpidRefire
                0x0000000000016085                A_BspiAttack
                0x00000000000160ae                A_TroopAttack
                0x0000000000016115                A_SargAttack
                0x000000000001615e                A_HeadAttack
                0x00000000000161b8                A_CyberAttack
                0x00000000000161e1                A_BruisAttack
                0x0000000000016240                A_SkelMissile
                0x0000000000016292                A_Tracer
                0x00000000000163f3                A_SkelWhoosh
                0x0000000000016415                A_SkelFist
                0x000000000001647d                A_VileChase
                0x00000000000165ef                A_VileStart
                0x00000000000165f9                A_Fire
                0x000000000001669d                A_StartFire
                0x00000000000166b4                A_FireCrackle
                0x00000000000166cb                A_VileTarget
                0x000000000001671d                A_VileAttack
                0x0000000000016810                A_FatRaise
                0x0000000000016827                A_FatAttack1
                0x00000000000168be                A_FatAttack2
                0x0000000000016955                A_FatAttack3
                0x0000000000016a39                A_SkullAttack
                0x0000000000016ae8                A_PainShootSkull
                0x0000000000016bf7                A_PainAttack
                0x0000000000016c17                A_PainDie
                0x0000000000016c53                A_Scream
                0x0000000000016cb3                A_XScream
                0x0000000000016cbd                A_Pain
                0x0000000000016cd1                A_Fall
                0x0000000000016cd9                A_Explode
                0x0000000000016cea                A_BossDeath
                0x0000000000016ece                A_Hoof
                0x0000000000016ee5                A_Metal
                0x0000000000016efc                A_BabyMetal
                0x0000000000016f13                A_OpenShotgun2
                0x0000000000016f20                A_LoadShotgun2
                0x0000000000016f2d                A_CloseShotgun2
                0x0000000000016f54                A_BrainAwake
                0x0000000000016fc3                A_BrainPain
                0x0000000000016fcf                A_BrainScream
                0x0000000000017078                A_BrainExplode
                0x00000000000170f8                A_BrainDie
                0x00000000000170fd                A_BrainSpit
                0x000000000001718a                A_SpawnFly
                0x0000000000017295                A_SpawnSound
                0x00000000000172ac                A_PlayerScream
 .text          0x00000000000172cf      0x69f build/p_floor.o
                0x00000000000172cf                T_MovePlane
                0x00000000000173d8                T_MoveFloor
                0x000000000001746f                EV_DoFloor
                0x00000000000177cd                EV_BuildStairs
 .text          0x000000000001796e      0xde7 build/p_inter.o
                0x000000000001796e                P_GiveAmmo
                0x0000000000017a8b                P_GiveWeapon
                0x0000000000017ba2                P_GiveBody
                0x0000000000017bcb                P_GiveArmor
                0x0000000000017be1                P_GiveCard
                0x0000000000017bff                P_GivePower
                0x0000000000017c77                P_TouchSpecialThing
                0x0000000000018285                P_KillMobj
                0x0000000000018447                P_DamageMobj
 .text          0x0000000000018755      0x3c4 build/p_lights.o
                0x0000000000018755                T_StrobeFlash
                0x0000000000018780                T_Glow
                0x00000000000187cd                T_FireFlicker
                0x000000000001880b                T_LightFlash
                0x0000000000018848                P_SpawnFireFlicker
                0x00000000000188a2                P_SpawnLightFlash
                0x000000000001890d                P_SpawnStrobeFlash
                0x000000000001899d                EV_StartLightStrobing
                0x00000000000189e0                EV_TurnTagLightsOff
                0x0000000000018a4e                EV_LightTurnOn
                0x0000000000018abe                P_SpawnGlowingLight
 .text          0x0000000000018b19     0x14d0 build/p_map.o
                0x0000000000018b19                PIT_CheckThing
                0x0000000000018cd3                PTR_SlideTraverse
                0x0000000000018d88                PTR_AimTraverse
                0x0000000000018ef0                PTR_ShootTraverse
                0x00000000000191af                PIT_StompThing
                0x000000000001922f                PIT_CheckLine
                0x00000000000193fd                PTR_UseTraverse
                0x0000000000019462                PIT_RadiusAttack
                0x00000000000194f8                P_TeleportMove
                0x0000000000019665                P_CheckPosition
                0x000000000001980f                P_TryMove
                0x000000000001997a                P_ThingHeightClip
                0x00000000000199d2                PIT_ChangeSector
                0x0000000000019aad                P_HitSlideLine
                0x0000000000019b8f                P_SlideMove
                0x0000000000019d82                P_AimLineAttack
                0x0000000000019e2f                P_LineAttack
                0x0000000000019ead                P_UseLines
                0x0000000000019ef8                P_RadiusAttack
                0x0000000000019f8f                P_ChangeSector
 .text          0x0000000000019fe9      0xb23 build/p_maputl.o
                0x000000000001a08b                P_AproxDistance
                0x000000000001a0ae                P_PointOnLineSide
                0x000000000001a11b                P_BoxOnLineSide
                0x000000000001a1e8                P_PointOnDivlineSide
                0x000000000001a272                P_MakeDivline
                0x000000000001a28c                P_InterceptVector
                0x000000000001a301                PIT_AddLineIntercepts
                0x000000000001a43b                PIT_AddThingIntercepts
                0x000000000001a546                P_LineOpening
                0x000000000001a5a6                P_UnsetThingPosition
                0x000000000001a647                P_SetThingPosition
                0x000000000001a702                P_BlockLinesIterator
                0x000000000001a783                P_BlockThingsIterator
                0x000000000001a7de                P_TraverseIntercepts
                0x000000000001a859                P_PathTraverse
 .text          0x000000000001ab0c     0x108d build/p_mobj.o
                0x000000000001ab0c                P_SpawnMobj
                0x000000000001ac44                P_RemoveMobj
                0x000000000001acd8                P_SetMobjState
                0x000000000001ad4f                P_ExplodeMissile
                0x000000000001adc1                P_ZMovement
                0x000000000001af4a                P_XYMovement
                0x000000000001b18a                P_NightmareRespawn
                0x000000000001b29b                P_MobjThinker
                0x000000000001b355                P_RespawnSpecials
                0x000000000001b48c                P_SpawnPlayer
                0x000000000001b5e4                P_SpawnMapThing
                0x000000000001b7ce                P_SpawnPuff
                0x000000000001b856                P_SpawnBlood
                0x000000000001b8ee                P_CheckMissileSpawn
                0x000000000001b949                P_SubstNullMobj
                0x000000000001b978                P_SpawnMissile
                0x000000000001ba81                P_SpawnPlayerMissile
 .text          0x000000000001bb99      0x43c build/p_plats.o
                0x000000000001bb99                P_ActivateInStasis
                0x000000000001bbd3                EV_StopPlat
                0x000000000001bc14                P_AddActivePlat
                0x000000000001bc42                EV_DoPlat
                0x000000000001be55                P_RemoveActivePlat
                0x000000000001bea6                T_PlatRaise
 .text          0x000000000001bfd5      0xc2b build/p_pspr.o
                0x000000000001bfe0                P_SetPsprite
                0x000000000001c09e                P_CalcSwing
                0x000000000001c0ea                P_BringUpWeapon
                0x000000000001c14a                P_CheckAmmo
                0x000000000001c2bb                P_FireWeapon
                0x000000000001c2ff                P_DropWeapon
                0x000000000001c318                A_WeaponReady
                0x000000000001c428                A_ReFire
                0x000000000001c457                A_CheckReload
                0x000000000001c45c                A_Lower
                0x000000000001c49a                A_Raise
                0x000000000001c4cd                A_GunFlash
                0x000000000001c4fe                A_Punch
                0x000000000001c5ad                A_Saw
                0x000000000001c6ab                A_FireMissile
                0x000000000001c6d8                A_FireBFG
                0x000000000001c705                A_FirePlasma
                0x000000000001c75c                P_BulletSlope
                0x000000000001c7c4                P_GunShot
                0x000000000001c829                A_FirePistol
                0x000000000001c898                A_FireShotgun
                0x000000000001c90d                A_FireShotgun2
                0x000000000001c9ee                A_FireCGun
                0x000000000001caaa                A_Light0
                0x000000000001cab5                A_Light1
                0x000000000001cac0                A_Light2
                0x000000000001cacb                A_BFGSpray
                0x000000000001cb68                A_BFGsound
                0x000000000001cb75                P_SetupPsprites
                0x000000000001cb99                P_MovePsprites
 .text          0x000000000001cc00     0x176e build/p_saveg.o
                0x000000000001ce55                P_TempSaveGameFile
                0x000000000001ce92                P_SaveGameFile
                0x000000000001cf54                P_WriteSaveGameHeader
                0x000000000001d05b                P_ReadSaveGameHeader
                0x000000000001d166                P_ReadSaveGameEOF
                0x000000000001d179                P_WriteSaveGameEOF
                0x000000000001d183                P_ArchivePlayers
                0x000000000001d3ee                P_UnArchivePlayers
                0x000000000001d673                P_ArchiveWorld
                0x000000000001d767                P_UnArchiveWorld
                0x000000000001d873                P_ArchiveThinkers
                0x000000000001da75                P_UnArchiveThinkers
                0x000000000001dd20                P_ArchiveSpecials
                0x000000000001df98                P_UnArchiveSpecials
 .text          0x000000000001e36e      0xdfb build/p_setup.o
                0x000000000001e36e                P_LoadVertexes
                0x000000000001e3de                GetSectorAtNullAddress
                0x000000000001e43b                P_LoadSegs
                0x000000000001e581                P_LoadSubsectors
                0x000000000001e606                P_LoadSectors
                0x000000000001e6e4                P_LoadNodes
                0x000000000001e7af                P_LoadThings
                0x000000000001e886                P_LoadLineDefs
                0x000000000001ea2c                P_LoadSideDefs
                0x000000000001eb11                P_LoadBlockMap
                0x000000000001eba6                P_GroupLines
                0x000000000001ee12                P_SetupLevel
                0x000000000001f14e                P_Init
 .text          0x000000000001f169      0x45c build/p_sight.o
                0x000000000001f169                P_DivlineSide
                0x000000000001f1d1                P_InterceptVector2
                0x000000000001f246                P_CrossSubsector
                0x000000000001f452                P_CrossBSPNode
                0x000000000001f4f7                P_CheckSight
 .text          0x000000000001f5c5      0xdd8 build/p_spec.o
                0x000000000001f5c5                P_InitPicAnims
                0x000000000001f6b7                getSide
                0x000000000001f6e5                getSector
                0x000000000001f717                twoSided
                0x000000000001f738                getNextSector
                0x000000000001f74e                P_FindLowestFloorSurrounding
                0x000000000001f782                P_FindHighestFloorSurrounding
                0x000000000001f7b9                P_FindNextHighestFloor
                0x000000000001f876                P_FindLowestCeilingSurrounding
                0x000000000001f8ae                P_FindHighestCeilingSurrounding
                0x000000000001f8e3                P_FindSectorFromLineTag
                0x000000000001f917                P_FindMinSurroundingLight
                0x000000000001f94d                P_CrossSpecialLine
                0x000000000001fc9d                P_ShootSpecialLine
                0x000000000001fd08                P_PlayerInSpecialSector
                0x000000000001fdf7                P_UpdateSpecials
                0x000000000001ff92                EV_DoDonut
                0x00000000000201da                P_SpawnSpecials
 .text          0x000000000002039d      0x530 build/p_switch.o
                0x000000000002039d                P_InitSwitchList
                0x0000000000020439                P_StartButton
                0x00000000000204b8                P_ChangeSwitchTexture
                0x0000000000020611                P_UseSpecialLine
 .text          0x00000000000208cd      0x19b build/p_telept.o
                0x00000000000208cd                EV_Teleport
 .text          0x0000000000020a68      0x126 build/p_tick.o
                0x0000000000020a68                P_InitThinkers
                0x0000000000020a7e                P_AddThinker
                0x0000000000020a9f                P_RemoveThinker
                0x0000000000020aa8                P_AllocateThinker
                0x0000000000020aa9                P_RunThinkers
                0x0000000000020afb                P_Ticker
 .text          0x0000000000020b8e      0x48c build/p_user.o
                0x0000000000020b8e                P_Thrust
                0x0000000000020bd3                P_CalcHeight
                0x0000000000020cd8                P_MovePlayer
                0x0000000000020d61                P_DeathThink
                0x0000000000020e29                P_PlayerThink
 .text          0x000000000002101a      0x51f build/r_bsp.o
                0x000000000002101a                R_ClearDrawSegs
                0x0000000000021029                R_ClipSolidWallSegment
                0x0000000000021115                R_ClipPassWallSegment
                0x0000000000021173                R_ClearClipSegs
                0x00000000000211a3                R_AddLine
                0x00000000000212af                R_CheckBBox
                0x00000000000213c7                R_Subsector
                0x00000000000214ab                R_RenderBSPNode
 .text          0x0000000000021539      0xe39 build/r_data.o
                0x0000000000021539                R_DrawColumnInCache
                0x0000000000021587                R_GenerateComposite
                0x00000000000216ac                R_GenerateLookup
                0x0000000000021873                R_GetColumn
                0x00000000000218e4                R_InitTextures
                0x0000000000021e41                R_InitFlats
                0x0000000000021eaa                R_InitSpriteLumps
                0x0000000000021fa5                R_InitColormaps
                0x0000000000021fca                R_InitData
                0x0000000000021ffe                R_FlatNumForName
                0x0000000000022067                R_CheckTextureNumForName
                0x00000000000220be                R_TextureNumForName
                0x00000000000220e9                R_PrecacheLevel
 .text          0x0000000000022372      0xba5 build/r_draw.o
                0x0000000000022372                R_DrawColumn
                0x000000000002242a                R_DrawColumnLow
                0x00000000000224ff                R_DrawFuzzColumn
                0x00000000000225e3                R_DrawFuzzColumnLow
                0x0000000000022704                R_DrawTranslatedColumn
                0x00000000000227c7                R_DrawTranslatedColumnLow
                0x00000000000228c8                R_InitTranslationTables
                0x0000000000022958                R_DrawSpan
                0x0000000000022a3c                R_DrawSpanLow
                0x0000000000022b4d                R_InitBuffer
                0x0000000000022bc5                R_FillBackScreen
                0x0000000000022e42                R_VideoErase
                0x0000000000022e67                R_DrawViewBorder
 .text          0x0000000000022f17      0x951 build/r_main.o
                0x0000000000022f17                R_AddPointToBox
                0x0000000000022f36                R_PointOnSide
                0x0000000000022fb8                R_PointOnSegSide
                0x000000000002303c                R_PointToAngle
                0x0000000000023120                R_PointToAngle2
                0x0000000000023135                R_PointToDist
                0x00000000000231a2                R_InitPointToAngle
                0x00000000000231a3                R_ScaleFromGlobalAngle
                0x000000000002322d                R_InitTables
                0x000000000002322e                R_InitTextureMapping
                0x0000000000023349                R_InitLightTables
                0x00000000000233d1                R_SetViewSize
                0x00000000000233e8                R_ExecuteSetViewSize
                0x0000000000023679                R_Init
                0x0000000000023700                R_PointInSubsector
                0x000000000002375d                R_SetupFrame
                0x000000000002381e                R_RenderPlayerView
 .text          0x0000000000023868      0x68d build/r_plane.o
                0x0000000000023868                R_InitPlanes
                0x0000000000023869                R_MapPlane
                0x0000000000023a12                R_ClearPlanes
                0x0000000000023abf                R_FindPlane
                0x0000000000023b66                R_CheckPlane
                0x0000000000023be5                R_MakeSpans
                0x0000000000023ca6                R_DrawPlanes
 .text          0x0000000000023ef5      0xdd4 build/r_segs.o
                0x0000000000023ef5                R_RenderMaskedSegRange
                0x0000000000024118                R_RenderSegLoop
                0x0000000000024425                R_StoreWallRange
 .text          0x0000000000024cc9        0xb build/r_sky.o
                0x0000000000024cc9                R_InitSkyMap
 .text          0x0000000000024cd4      0xf71 build/r_things.o
                0x0000000000024cd4                R_InstallSpriteLump
                0x0000000000024e29                R_InitSpriteDefs
                0x0000000000025087                R_InitSprites
                0x00000000000250a6                R_ClearSprites
                0x00000000000250b5                R_NewVisSprite
                0x00000000000250dc                R_DrawMaskedColumn
                0x00000000000251a6                R_DrawVisSprite
                0x00000000000252ce                R_ProjectSprite
                0x000000000002557a                R_AddSprites
                0x00000000000255e4                R_DrawPSprite
                0x00000000000257f3                R_DrawPlayerSprites
                0x0000000000025891                R_SortVisSprites
                0x00000000000259a2                R_DrawSprite
                0x0000000000025bc2                R_DrawMasked
 .text          0x0000000000025c45     0x14aa build/sha1.o
                0x0000000000026e02                SHA1_Init
                0x0000000000026e2e                SHA1_Update
                0x0000000000026f12                SHA1_Final
                0x0000000000027079                SHA1_UpdateInt32
                0x00000000000270d3                SHA1_UpdateString
 .text          0x00000000000270ef       0x4b build/statdump.o
                0x00000000000270ef                StatCopy
                0x0000000000027139                StatDump
 .text          0x000000000002713a      0x3a7 build/st_lib.o
                0x000000000002713a                STlib_init
                0x0000000000027158                STlib_initNum
                0x0000000000027178                STlib_drawNum
                0x00000000000272be                STlib_updateNum
                0x00000000000272cd                STlib_initPercent
                0x00000000000272f0                STlib_updatePercent
                0x0000000000027320                STlib_initMultIcon
                0x0000000000027339                STlib_updateMultIcon
                0x000000000002740a                STlib_initBinIcon
                0x0000000000027423                STlib_updateBinIcon
 .text          0x00000000000274e1     0x14d7 build/st_stuff.o
                0x000000000002782c                ST_refreshBackground
                0x00000000000278a3                ST_Responder
                0x0000000000027e02                ST_calcPainOffset
                0x0000000000027e43                ST_updateFaceWidget
                0x0000000000028115                ST_updateWidgets
                0x0000000000028203                ST_Ticker
                0x000000000002822f                ST_doPaletteStuff
                0x00000000000282f3                ST_drawWidgets
                0x0000000000028402                ST_doRefresh
                0x0000000000028420                ST_diffDraw
                0x0000000000028427                ST_Drawer
                0x000000000002846b                ST_loadGraphics
                0x0000000000028477                ST_loadData
                0x0000000000028490                ST_unloadGraphics
                0x000000000002849c                ST_unloadData
                0x000000000002849e                ST_initData
                0x0000000000028536                ST_createWidgets
                0x000000000002893b                ST_Stop
                0x000000000002896d                ST_Start
                0x0000000000028995                ST_Init
 .text          0x00000000000289b8      0x7b0 build/s_sound.o
                0x00000000000289b8                S_Shutdown
                0x0000000000028b0c                S_StopSound
                0x0000000000028b3b                S_StartSound
                0x0000000000028d34                S_PauseSound
                0x0000000000028d5d                S_ResumeSound
                0x0000000000028d86                S_UpdateSounds
                0x0000000000028e7b                S_SetMusicVolume
                0x0000000000028e9b                S_SetSfxVolume
                0x0000000000028ebb                S_Init
                0x0000000000028f60                S_MusicPlaying
                0x0000000000028f65                S_StopMusic
                0x0000000000028fc2                S_ChangeMusic
                0x00000000000290b6                S_Start
                0x0000000000029161                S_StartMusic
 .text          0x0000000000029168       0x29 build/tables.o
                0x0000000000029168                SlopeDiv
 .text          0x0000000000029191      0xbdb build/v_video.o
                0x0000000000029191                V_MarkRect
                0x00000000000291e3                V_CopyRect
                0x00000000000292bd                V_SetPatchClipCallback
                0x00000000000292c5                V_DrawPatch
                0x00000000000293cc                V_DrawPatchFlipped
                0x00000000000294c8                V_DrawPatchDirect
                0x00000000000294cd                V_DrawTLPatch
                0x00000000000295a3                V_DrawXlaPatch
                0x0000000000029666                V_DrawAltTLPatch
                0x000000000002973c                V_DrawShadowedPatch
                0x0000000000029844                V_LoadTintTable
                0x0000000000029862                V_LoadXlaTable
                0x0000000000029880                V_DrawBlock
                0x000000000002990d                V_DrawFilledBox
                0x0000000000029944                V_DrawHorizLine
                0x0000000000029969                V_DrawVertLine
                0x0000000000029995                V_DrawBox
                0x00000000000299cf                V_DrawRawScreen
                0x00000000000299e1                V_Init
                0x00000000000299e2                V_UseBuffer
                0x00000000000299ea                V_RestoreBuffer
                0x00000000000299f9                WritePCXfile
                0x0000000000029b07                V_ScreenShot
                0x0000000000029bb0                V_DrawMouseSpeedBox
 .text          0x0000000000029d6c     0x1d7c build/wi_stuff.o
                0x000000000002a1c0                WI_slamBackground
                0x000000000002a1d0                WI_Responder
                0x000000000002a1d3                WI_drawLF
                0x000000000002a2b3                WI_drawEL
                0x000000000002a324                WI_drawOnLnode
                0x000000000002a3df                WI_initAnimatedBack
                0x000000000002a492                WI_updateAnimatedBack
                0x000000000002a57f                WI_drawAnimatedBack
                0x000000000002a5e4                WI_drawNum
                0x000000000002a6c6                WI_drawPercent
                0x000000000002a6f5                WI_drawTime
                0x000000000002a793                WI_initNoState
                0x000000000002a7b2                WI_updateNoState
                0x000000000002a7cb                WI_initShowNextLoc
                0x000000000002a7ee                WI_updateShowNextLoc
                0x000000000002a82c                WI_drawShowNextLoc
                0x000000000002a8e0                WI_drawNoState
                0x000000000002a8ef                WI_fragSum
                0x000000000002a925                WI_initDeathmatchStats
                0x000000000002a99e                WI_updateDeathmatchStats
                0x000000000002abb7                WI_drawDeathmatchStats
                0x000000000002adb8                WI_initNetgameStats
                0x000000000002ae6a                WI_updateNetgameStats
                0x000000000002b1f8                WI_drawNetgameStats
                0x000000000002b452                WI_initStats
                0x000000000002b4b1                WI_updateStats
                0x000000000002b74e                WI_drawStats
                0x000000000002b860                WI_checkForAccelerate
                0x000000000002b8fa                WI_Ticker
                0x000000000002b978                WI_loadData
                0x000000000002b9f3                WI_unloadData
                0x000000000002b9ff                WI_End
                0x000000000002ba01                WI_Drawer
                0x000000000002ba40                WI_initVariables
                0x000000000002bab6                WI_Start
 .text          0x000000000002bae8      0x13c build/w_checksum.o
                0x000000000002bae8                W_Checksum
 .text          0x000000000002bc24       0x29 build/w_file.o
                0x000000000002bc24                W_OpenFile
                0x000000000002bc41                W_CloseFile
                0x000000000002bc47                W_Read
 .text          0x000000000002bc4d       0x84 build/w_main.o
                0x000000000002bc4d                W_ParseCommandLine
 .text          0x000000000002bcd1      0x66d build/w_wad.o
                0x000000000002bcd1                W_LumpNameHash
                0x000000000002bd07                W_AddFile
                0x000000000002bfa1                W_NumLumps
                0x000000000002bfa8                W_CheckNumForName
                0x000000000002c03e                W_GetNumForName
                0x000000000002c069                W_LumpLength
                0x000000000002c094                W_ReadLump
                0x000000000002c0fe                W_CacheLumpNum
                0x000000000002c1a0                W_CacheLumpName
                0x000000000002c1bc                W_ReleaseLumpNum
                0x000000000002c20b                W_ReleaseLumpName
                0x000000000002c219                W_GenerateHashTable
                0x000000000002c2ab                W_CheckCorrectIWAD
 .text          0x000000000002c33e      0x5d3 build/z_zone.o
                0x000000000002c33e                Z_ClearZone
                0x000000000002c375                Z_Init
                0x000000000002c3ee                Z_Free
                0x000000000002c49e                Z_Malloc
                0x000000000002c5c1                Z_FreeTags
                0x000000000002c611                Z_DumpHeap
                0x000000000002c6fd                Z_FileDumpHeap
                0x000000000002c7cf                Z_CheckHeap
                0x000000000002c850                Z_ChangeTag2
                0x000000000002c8ac                Z_ChangeUser
                0x000000000002c8db                Z_FreeMemory
                0x000000000002c907                Z_ZoneSize
 .text          0x000000000002c911       0xa0 build/w_file_stdc.o
                0x000000000002c911                W_StdC_Read
 .text          0x000000000002c9b1       0xdb build/i_input.o
                0x000000000002c9b1                I_GetEvent
                0x000000000002ca8b                I_InitInput
 .text          0x000000000002ca8c      0x463 build/i_video.o
                0x000000000002ca8c                cmap_to_rgb565
                0x000000000002caed                cmap_to_fb
                0x000000000002cbb5                I_InitGraphics
                0x000000000002cd61                I_ShutdownGraphics
                0x000000000002cd6d                I_StartFrame
                0x000000000002cd6e                I_StartTic
                0x000000000002cd73                I_UpdateNoBlit
                0x000000000002cd74                I_FinishUpdate
                0x000000000002ce20                I_ReadScreen
                0x000000000002ce2f                I_SetPalette
                0x000000000002ce90                I_GetPaletteIndex
                0x000000000002cee2                I_BeginRead
                0x000000000002cee3                I_EndRead
                0x000000000002cee4                I_SetWindowTitle
                0x000000000002cee9                I_GraphicsCheckCommandLine
                0x000000000002ceea                I_SetGrabMouseCallback
                0x000000000002ceeb                I_EnableLoadingDisk
                0x000000000002ceec                I_BindVideoVariables
                0x000000000002ceed                I_DisplayFPSDots
                0x000000000002ceee                I_CheckIsScreensaver
 .text          0x000000000002ceef       0x1d build/doomgeneric.o
                0x000000000002ceef                dg_Create
 .text          0x000000000002cf0c      0x4ae build/doomgeneric_xlib.o
                0x000000000002cf99                DG_Init
                0x000000000002d119                DG_DrawFrame
                0x000000000002d2db                DG_SleepMs
                0x000000000002d2e6                DG_GetTicksMs
                0x000000000002d33a                DG_GetKey
                0x000000000002d36f                DG_SetWindowTitle
 *fill*         0x000000000002d3ba        0x6 
 .text          0x000000000002d3c0       0x72 /usr/lib/x86_64-linux-gnu/libc_nonshared.a(elf-init.oS)
                0x000000000002d3c0                __libc_csu_init
                0x000000000002d430                __libc_csu_fini
 *(.gnu.warning)

.fini           0x000000000002d434        0x9
 *(SORT_NONE(.fini))
 .fini          0x000000000002d434        0x4 /usr/lib/gcc/x86_64-linux-gnu/7/../../../x86_64-linux-gnu/crti.o
                0x000000000002d434                _fini
 .fini          0x000000000002d438        0x5 /usr/lib/gcc/x86_64-linux-gnu/7/../../../x86_64-linux-gnu/crtn.o
                [!provide]                        PROVIDE (__etext = .)
                [!provide]                        PROVIDE (_etext = .)
                [!provide]                        PROVIDE (etext = .)

.rodata         0x000000000002d440    0x1839b
 *(.rodata .rodata.* .gnu.linkonce.r.*)
 .rodata.str1.1
                0x000000000002d440       0x15 build/i_main.o
 .rodata.str1.1
                0x000000000002d455       0x67 build/am_map.o
 *fill*         0x000000000002d4bc        0x4 
 .rodata        0x000000000002d4c0       0x40 build/am_map.o
 .rodata.str1.1
                0x000000000002d500      0x328 build/dstrings.o
 .rodata.str1.1
                0x000000000002d828      0x1c0 build/d_iwad.o
                                        0x1d3 (size before relaxing)
 .rodata.str1.1
                0x000000000002d9e8       0x6e build/d_loop.o
 .rodata.str1.1
                0x000000000002da56      0x947 build/d_main.o
                                        0x995 (size before relaxing)
 *fill*         0x000000000002e39d        0x3 
 .rodata        0x000000000002e3a0       0xd8 build/d_main.o
 .rodata.str1.1
                0x000000000002e478       0x1a build/d_mode.o
                                         0x3c (size before relaxing)
 *fill*         0x000000000002e492        0xe 
 .rodata        0x000000000002e4a0      0x170 build/d_mode.o
 .rodata.str1.1
                0x000000000002e610      0x155 build/d_net.o
                                        0x16d (size before relaxing)
 .rodata.str1.1
                0x000000000002e765     0x1ef5 build/f_finale.o
                                       0x1f08 (size before relaxing)
 .rodata.str1.1
                0x000000000003065a      0x348 build/g_game.o
                                        0x369 (size before relaxing)
 *fill*         0x00000000000309a2       0x1e 
 .rodata        0x00000000000309c0       0x88 build/g_game.o
 .rodata.cst4   0x0000000000030a48        0x4 build/g_game.o
 .rodata.str1.1
                0x0000000000030a4c      0xc0f build/hu_stuff.o
 .rodata.str1.1
                0x000000000003165b      0x2a3 build/info.o
                                        0x2b2 (size before relaxing)
 .rodata.str1.1
                0x00000000000318fe       0xa7 build/i_joystick.o
 .rodata.str1.1
                0x00000000000319a5       0x19 build/i_sound.o
                                         0x1a (size before relaxing)
 .rodata.str1.1
                0x00000000000319be      0x211 build/i_system.o
 *fill*         0x0000000000031bcf        0x1 
 .rodata        0x0000000000031bd0       0x2a build/i_system.o
 .rodata.str1.1
                0x0000000000031bfa      0xaf3 build/m_config.o
                                        0xc1c (size before relaxing)
 *fill*         0x00000000000326ed       0x13 
 .rodata        0x0000000000032700      0x220 build/m_config.o
 .rodata.str1.1
                0x0000000000032920       0x16 build/m_controls.o
                                        0x630 (size before relaxing)
 .rodata.str1.1
                0x0000000000032936      0x3f7 build/m_menu.o
                                        0x40f (size before relaxing)
 .rodata.str1.1
                0x0000000000032d2d       0xde build/m_misc.o
                                         0xec (size before relaxing)
 *fill*         0x0000000000032e0b       0x15 
 .rodata        0x0000000000032e20      0x100 build/m_random.o
 .rodata        0x0000000000032f20       0x30 build/p_ceilng.o
 .rodata        0x0000000000032f50       0x40 build/p_doors.o
 .rodata.str1.1
                0x0000000000032f90      0x137 build/p_doors.o
 .rodata.str1.1
                0x00000000000330c7       0x3b build/p_enemy.o
 *fill*         0x0000000000033102        0x2 
 .rodata        0x0000000000033104       0x34 build/p_floor.o
 .rodata.str1.1
                0x0000000000033138      0x3d7 build/p_inter.o
 *fill*         0x000000000003350f        0x1 
 .rodata        0x0000000000033510       0x9c build/p_inter.o
 .rodata.str1.1
                0x00000000000335ac       0x72 build/p_map.o
 .rodata.str1.1
                0x000000000003361e       0x2d build/p_mobj.o
 .rodata.str1.1
                0x000000000003364b       0x45 build/p_plats.o
 .rodata        0x0000000000033690       0x14 build/p_plats.o
 .rodata.str1.1
                0x00000000000336a4       0xc3 build/p_saveg.o
                                         0xe1 (size before relaxing)
 *fill*         0x0000000000033767        0x1 
 .rodata        0x0000000000033768       0x20 build/p_saveg.o
 .rodata.str1.1
                0x0000000000033788       0x5a build/p_setup.o
 .rodata.str1.1
                0x00000000000337e2       0x28 build/p_sight.o
 .rodata.str1.1
                0x000000000003380a      0x242 build/p_spec.o
 .rodata        0x0000000000033a4c      0x2a8 build/p_spec.o
 .rodata.str1.1
                0x0000000000033cf4       0x25 build/p_switch.o
 *fill*         0x0000000000033d19        0x3 
 .rodata        0x0000000000033d1c      0x230 build/p_switch.o
 .rodata.str1.1
                0x0000000000033f4c       0x23 build/r_bsp.o
 .rodata.str1.1
                0x0000000000033f6f      0x120 build/r_data.o
                                        0x12e (size before relaxing)
 .rodata.str1.1
                0x000000000003408f       0xa6 build/r_draw.o
 .rodata.str1.1
                0x0000000000034135       0xa6 build/r_plane.o
 .rodata.str1.1
                0x00000000000341db       0x20 build/r_segs.o
 .rodata.str1.1
                0x00000000000341fb      0x1d2 build/r_things.o
 .rodata.str1.1
                0x00000000000343cd      0x186 build/sounds.o
                                        0x191 (size before relaxing)
 .rodata.str1.1
                0x0000000000034553        0xa build/statdump.o
 .rodata.str1.1
                0x0000000000034553       0x5b build/st_lib.o
 .rodata.str1.1
                0x00000000000345ae      0x1b1 build/st_stuff.o
                                        0x1b9 (size before relaxing)
 .rodata.str1.1
                0x000000000003475f       0x69 build/s_sound.o
 *fill*         0x00000000000347c8       0x18 
 .rodata        0x00000000000347e0       0x24 build/s_sound.o
 *fill*         0x0000000000034804       0x1c 
 .rodata        0x0000000000034820    0x10520 build/tables.o
                0x0000000000034820                gammatable
                0x0000000000034d20                tantoangle
                0x0000000000036d40                finesine
                0x0000000000040d40                finetangent
 .rodata.str1.1
                0x0000000000044d40      0x100 build/v_video.o
                                        0x108 (size before relaxing)
 .rodata.cst4   0x0000000000044e40        0x4 build/v_video.o
 *fill*         0x0000000000044e44        0xc 
 .rodata.cst16  0x0000000000044e50       0x10 build/v_video.o
 .rodata.cst8   0x0000000000044e60        0x8 build/v_video.o
 .rodata.str1.1
                0x0000000000044e68       0xf9 build/wi_stuff.o
                                        0x10b (size before relaxing)
 *fill*         0x0000000000044f61       0x1f 
 .rodata        0x0000000000044f80      0x160 build/wi_stuff.o
 .rodata.str1.1
                0x00000000000450e0        0x6 build/w_file.o
 .rodata.str1.1
                0x00000000000450e6        0x6 build/w_main.o
                                         0x12 (size before relaxing)
 .rodata.str1.1
                0x00000000000450ec      0x1d2 build/w_wad.o
                                        0x1d6 (size before relaxing)
 .rodata.str1.1
                0x00000000000452be      0x323 build/z_zone.o
 .rodata.str1.1
                0x00000000000455e1        0x3 build/w_file_stdc.o
 *fill*         0x00000000000455e1       0x1f 
 .rodata        0x0000000000045600       0x80 build/i_input.o
 .rodata.str1.1
                0x0000000000045680      0x15b build/i_video.o

.rodata1
 *(.rodata1)

.eh_frame_hdr   0x00000000000457dc     0x1a9c
 *(.eh_frame_hdr)
 .eh_frame_hdr  0x00000000000457dc     0x1a9c /usr/lib/gcc/x86_64-linux-gnu/7/../../../x86_64-linux-gnu/Scrt1.o
                0x00000000000457dc                __GNU_EH_FRAME_HDR
 *(.eh_frame_entry .eh_frame_entry.*)

.eh_frame       0x0000000000047278     0x7d40
 *(.eh_frame)
 .eh_frame      0x0000000000047278       0x30 /usr/lib/gcc/x86_64-linux-gnu/7/../../../x86_64-linux-gnu/Scrt1.o
                                         0x2c (size before relaxing)
 *fill*         0x00000000000472a8        0x0 
 .eh_frame      0x00000000000472a8       0x40 /usr/lib/gcc/x86_64-linux-gnu/7/../../../x86_64-linux-gnu/Scrt1.o
 .eh_frame      0x00000000000472e8       0x18 /usr/lib/gcc/x86_64-linux-gnu/7/../../../x86_64-linux-gnu/Scrt1.o
                                         0x30 (size before relaxing)
 .eh_frame      0x0000000000047300       0x18 build/i_main.o
                                         0x30 (size before relaxing)
 .eh_frame      0x0000000000047318       0x18 build/dummy.o
                                         0x30 (size before relaxing)
 .eh_frame      0x0000000000047330      0x4f0 build/am_map.o
                                        0x508 (size before relaxing)
 .eh_frame      0x0000000000047820       0x28 build/d_event.o
                                         0x40 (size before relaxing)
 .eh_frame      0x0000000000047848      0x178 build/d_iwad.o
                                        0x190 (size before relaxing)
 .eh_frame      0x00000000000479c0      0x170 build/d_loop.o
                                        0x188 (size before relaxing)
 .eh_frame      0x0000000000047b30      0x210 build/d_main.o
                                        0x228 (size before relaxing)
 .eh_frame      0x0000000000047d40       0x80 build/d_mode.o
                                         0x98 (size before relaxing)
 .eh_frame      0x0000000000047dc0       0x78 build/d_net.o
                                         0x90 (size before relaxing)
 .eh_frame      0x0000000000047e38      0x1d0 build/f_finale.o
                                        0x1e8 (size before relaxing)
 .eh_frame      0x0000000000048008      0x190 build/f_wipe.o
                                        0x1a8 (size before relaxing)
 .eh_frame      0x0000000000048198      0x558 build/g_game.o
                                        0x570 (size before relaxing)
 .eh_frame      0x00000000000486f0      0x230 build/hu_lib.o
                                        0x248 (size before relaxing)
 .eh_frame      0x0000000000048920      0x168 build/hu_stuff.o
                                        0x180 (size before relaxing)
 .eh_frame      0x0000000000048a88        0x0 build/i_cdmus.o
                                         0xd0 (size before relaxing)
 .eh_frame      0x0000000000048a88       0x18 build/i_endoom.o
                                         0x30 (size before relaxing)
 .eh_frame      0x0000000000048aa0       0x70 build/i_joystick.o
                                         0x88 (size before relaxing)
 .eh_frame      0x0000000000048b10        0x0 build/i_scale.o
                                        0x4f8 (size before relaxing)
 .eh_frame      0x0000000000048b10      0x1c0 build/i_sound.o
                                        0x1d8 (size before relaxing)
 .eh_frame      0x0000000000048cd0      0x178 build/i_system.o
                                        0x190 (size before relaxing)
 .eh_frame      0x0000000000048e48       0x80 build/i_timer.o
                                         0x98 (size before relaxing)
 .eh_frame      0x0000000000048ec8        0x0 build/memio.o
                                        0x110 (size before relaxing)
 .eh_frame      0x0000000000048ec8       0x98 build/m_argv.o
                                         0xb0 (size before relaxing)
 .eh_frame      0x0000000000048f60       0x28 build/m_bbox.o
                                         0x40 (size before relaxing)
 .eh_frame      0x0000000000048f88       0x28 build/m_cheat.o
                                         0x40 (size before relaxing)
 .eh_frame      0x0000000000048fb0      0x198 build/m_config.o
                                        0x1b0 (size before relaxing)
 .eh_frame      0x0000000000049148      0x100 build/m_controls.o
                                        0x118 (size before relaxing)
 .eh_frame      0x0000000000049248       0x28 build/m_fixed.o
                                         0x40 (size before relaxing)
 .eh_frame      0x0000000000049270      0x640 build/m_menu.o
                                        0x658 (size before relaxing)
 .eh_frame      0x00000000000498b0      0x300 build/m_misc.o
                                        0x318 (size before relaxing)
 .eh_frame      0x0000000000049bb0       0x40 build/m_random.o
                                         0x58 (size before relaxing)
 .eh_frame      0x0000000000049bf0       0xe8 build/p_ceilng.o
                                        0x100 (size before relaxing)
 .eh_frame      0x0000000000049cd8      0x128 build/p_doors.o
                                        0x140 (size before relaxing)
 .eh_frame      0x0000000000049e00      0x9c0 build/p_enemy.o
                                        0x9d8 (size before relaxing)
 .eh_frame      0x000000000004a7c0       0xf8 build/p_floor.o
                                        0x110 (size before relaxing)
 .eh_frame      0x000000000004a8b8      0x1b8 build/p_inter.o
                                        0x1d0 (size before relaxing)
 .eh_frame      0x000000000004aa70      0x1b0 build/p_lights.o
                                        0x1c8 (size before relaxing)
 .eh_frame      0x000000000004ac20      0x3f8 build/p_map.o
                                        0x410 (size before relaxing)
 .eh_frame      0x000000000004b018      0x2d8 build/p_maputl.o
                                        0x2f0 (size before relaxing)
 .eh_frame      0x000000000004b2f0      0x390 build/p_mobj.o
                                        0x3a8 (size before relaxing)
 .eh_frame      0x000000000004b680      0x100 build/p_plats.o
                                        0x118 (size before relaxing)
 .eh_frame      0x000000000004b780      0x440 build/p_pspr.o
                                        0x458 (size before relaxing)
 .eh_frame      0x000000000004bbc0      0x3c8 build/p_saveg.o
                                        0x3e0 (size before relaxing)
 .eh_frame      0x000000000004bf88      0x260 build/p_setup.o
                                        0x278 (size before relaxing)
 .eh_frame      0x000000000004c1e8       0xf8 build/p_sight.o
                                        0x110 (size before relaxing)
 .eh_frame      0x000000000004c2e0      0x2a0 build/p_spec.o
                                        0x2b8 (size before relaxing)
 .eh_frame      0x000000000004c580       0xc8 build/p_switch.o
                                         0xe0 (size before relaxing)
 .eh_frame      0x000000000004c648       0x40 build/p_telept.o
                                         0x58 (size before relaxing)
 .eh_frame      0x000000000004c688       0xa8 build/p_tick.o
                                         0xc0 (size before relaxing)
 .eh_frame      0x000000000004c730       0xb0 build/p_user.o
                                         0xc8 (size before relaxing)
 .eh_frame      0x000000000004c7e0      0x158 build/r_bsp.o
                                        0x170 (size before relaxing)
 .eh_frame      0x000000000004c938      0x258 build/r_data.o
                                        0x270 (size before relaxing)
 .eh_frame      0x000000000004cb90      0x188 build/r_draw.o
                                        0x1a0 (size before relaxing)
 .eh_frame      0x000000000004cd18      0x238 build/r_main.o
                                        0x250 (size before relaxing)
 .eh_frame      0x000000000004cf50      0x160 build/r_plane.o
                                        0x178 (size before relaxing)
 .eh_frame      0x000000000004d0b0       0xd8 build/r_segs.o
                                         0xf0 (size before relaxing)
 .eh_frame      0x000000000004d188       0x18 build/r_sky.o
                                         0x30 (size before relaxing)
 .eh_frame      0x000000000004d1a0      0x2a0 build/r_things.o
                                        0x2b8 (size before relaxing)
 .eh_frame      0x000000000004d440      0x108 build/sha1.o
                                        0x120 (size before relaxing)
 .eh_frame      0x000000000004d548       0x30 build/statdump.o
                                         0x48 (size before relaxing)
 .eh_frame      0x000000000004d578      0x1c0 build/st_lib.o
                                        0x1d8 (size before relaxing)
 .eh_frame      0x000000000004d738      0x2f0 build/st_stuff.o
                                        0x308 (size before relaxing)
 .eh_frame      0x000000000004da28      0x230 build/s_sound.o
                                        0x248 (size before relaxing)
 .eh_frame      0x000000000004dc58       0x18 build/tables.o
                                         0x30 (size before relaxing)
 .eh_frame      0x000000000004dc70      0x3d0 build/v_video.o
                                        0x3e8 (size before relaxing)
 .eh_frame      0x000000000004e040      0x668 build/wi_stuff.o
                                        0x680 (size before relaxing)
 .eh_frame      0x000000000004e6a8       0x50 build/w_checksum.o
                                         0x68 (size before relaxing)
 .eh_frame      0x000000000004e6f8       0x48 build/w_file.o
                                         0x60 (size before relaxing)
 .eh_frame      0x000000000004e740       0x38 build/w_main.o
                                         0x50 (size before relaxing)
 .eh_frame      0x000000000004e778      0x228 build/w_wad.o
                                        0x240 (size before relaxing)
 .eh_frame      0x000000000004e9a0      0x1e8 build/z_zone.o
                                        0x200 (size before relaxing)
 .eh_frame      0x000000000004eb88       0x70 build/w_file_stdc.o
                                         0x88 (size before relaxing)
 .eh_frame      0x000000000004ebf8       0x38 build/i_input.o
                                         0x50 (size before relaxing)
 .eh_frame      0x000000000004ec30      0x200 build/i_video.o
                                        0x218 (size before relaxing)
 .eh_frame      0x000000000004ee30       0x18 build/doomgeneric.o
                                         0x30 (size before relaxing)
 .eh_frame      0x000000000004ee48      0x110 build/doomgeneric_xlib.o
                                        0x128 (size before relaxing)
 .eh_frame      0x000000000004ef58       0x5c /usr/lib/x86_64-linux-gnu/libc_nonshared.a(elf-init.oS)
                                         0x78 (size before relaxing)
 .eh_frame      0x000000000004efb4        0x4 /usr/lib/gcc/x86_64-linux-gnu/7/crtendS.o
 *(.eh_frame.*)

.gcc_except_table
 *(.gcc_except_table .gcc_except_table.*)

.gnu_extab
 *(.gnu_extab*)

.exception_ranges
 *(.exception_ranges .exception_ranges*)
                0x000000000024f5d0                . = DATA_SEGMENT_ALIGN (CONSTANT (MAXPAGESIZE), CONSTANT (COMMONPAGESIZE))

.eh_frame
 *(.eh_frame)
 *(.eh_frame.*)

.gnu_extab
 *(.gnu_extab)

.gcc_except_table
 *(.gcc_except_table .gcc_except_table.*)

.exception_ranges
 *(.exception_ranges .exception_ranges*)

.tdata
 *(.tdata .tdata.* .gnu.linkonce.td.*)

.tbss
 *(.tbss .tbss.* .gnu.linkonce.tb.*)
 *(.tcommon)

.preinit_array  0x000000000024f5d0        0x0
                [!provide]                        PROVIDE (__preinit_array_start = .)
 *(.preinit_array)
                [!provide]                        PROVIDE (__preinit_array_end = .)

.init_array     0x000000000024f5d0        0x8
                0x000000000024f5d0                PROVIDE (__init_array_start = .)
 *(SORT_BY_INIT_PRIORITY(.init_array.*) SORT_BY_INIT_PRIORITY(.ctors.*))
 *(.init_array EXCLUDE_FILE(*crtend?.o *crtend.o *crtbegin?.o *crtbegin.o) .ctors)
 .init_array    0x000000000024f5d0        0x8 /usr/lib/gcc/x86_64-linux-gnu/7/crtbeginS.o
                0x000000000024f5d8                PROVIDE (__init_array_end = .)

.fini_array     0x000000000024f5d8        0x8
                [!provide]                        PROVIDE (__fini_array_start = .)
 *(SORT_BY_INIT_PRIORITY(.fini_array.*) SORT_BY_INIT_PRIORITY(.dtors.*))
 *(.fini_array EXCLUDE_FILE(*crtend?.o *crtend.o *crtbegin?.o *crtbegin.o) .dtors)
 .fini_array    0x000000000024f5d8        0x8 /usr/lib/gcc/x86_64-linux-gnu/7/crtbeginS.o
                [!provide]                        PROVIDE (__fini_array_end = .)

.ctors
 *crtbegin.o(.ctors)
 *crtbegin?.o(.ctors)
 *(EXCLUDE_FILE(*crtend?.o *crtend.o) .ctors)
 *(SORT_BY_NAME(.ctors.*))
 *(.ctors)

.dtors
 *crtbegin.o(.dtors)
 *crtbegin?.o(.dtors)
 *(EXCLUDE_FILE(*crtend?.o *crtend.o) .dtors)
 *(SORT_BY_NAME(.dtors.*))
 *(.dtors)

.jcr
 *(.jcr)

.data.rel.ro    0x000000000024f5e0      0x5c8
 *(.data.rel.ro.local* .gnu.linkonce.d.rel.ro.local.*)
 .data.rel.ro.local
                0x000000000024f5e0      0x150 build/d_iwad.o
 *fill*         0x000000000024f730       0x10 
 .data.rel.ro.local
                0x000000000024f740      0x130 build/d_main.o
 *fill*         0x000000000024f870       0x10 
 .data.rel.ro.local
                0x000000000024f880       0x30 build/f_wipe.o
 .data.rel.ro.local
                0x000000000024f8b0       0x20 build/m_menu.o
 *fill*         0x000000000024f8d0       0x10 
 .data.rel.ro.local
                0x000000000024f8e0       0x20 build/wi_stuff.o
 .data.rel.ro.local
                0x000000000024f900       0x40 build/w_wad.o
 *(.data.rel.ro .data.rel.ro.* .gnu.linkonce.d.rel.ro.*)
 .data.rel.ro   0x000000000024f940        0x0 /usr/lib/gcc/x86_64-linux-gnu/7/../../../x86_64-linux-gnu/Scrt1.o
 .data.rel.ro   0x000000000024f940       0x40 build/g_game.o
 .data.rel.ro   0x000000000024f980      0x228 build/p_maputl.o

.dynamic        0x000000000024fba8      0x200
 *(.dynamic)
 .dynamic       0x000000000024fba8      0x200 /usr/lib/gcc/x86_64-linux-gnu/7/../../../x86_64-linux-gnu/Scrt1.o
                0x000000000024fba8                _DYNAMIC

.got            0x000000000024fda8      0x248
 *(.got.plt)
 .got.plt       0x000000000024fda8      0x1e8 /usr/lib/gcc/x86_64-linux-gnu/7/../../../x86_64-linux-gnu/Scrt1.o
                0x000000000024fda8                _GLOBAL_OFFSET_TABLE_
 *(.igot.plt)
 *(.got)
 .got           0x000000000024ff90       0x60 /usr/lib/gcc/x86_64-linux-gnu/7/../../../x86_64-linux-gnu/Scrt1.o
 *(.igot)
                0x0000000000250000                . = DATA_SEGMENT_RELRO_END (., 0x0)

.data           0x0000000000250000    0x13798
 *(.data .data.* .gnu.linkonce.d.*)
 .data.rel.local
                0x0000000000250000        0x8 /usr/lib/gcc/x86_64-linux-gnu/7/crtbeginS.o
                0x0000000000250000                __dso_handle
 *fill*         0x0000000000250008       0x18 
 .data          0x0000000000250020      0x2b0 build/am_map.o
                0x0000000000250080                cheat_amap
                0x00000000002500e0                thintriangle_guy
                0x0000000000250120                triangle_guy
                0x0000000000250160                cheat_player_arrow
                0x0000000000250260                player_arrow
 .data          0x00000000002502d0        0x8 build/doomstat.o
                0x00000000002502d0                gameversion
                0x00000000002502d4                gamemode
 *fill*         0x00000000002502d8        0x8 
 .data.rel.local
                0x00000000002502e0       0x80 build/dstrings.o
                0x00000000002502e0                doom2_endmsg
                0x0000000000250320                doom1_endmsg
 .data          0x0000000000250360       0xd8 build/d_items.o
                0x0000000000250360                weaponinfo
 .data          0x0000000000250438        0x4 build/d_loop.o
 .data          0x000000000025043c        0xc build/d_main.o
                0x0000000000250440                wipegamestate
                0x0000000000250444                show_endoom
 *fill*         0x0000000000250448       0x18 
 .data.rel      0x0000000000250460       0x20 build/d_net.o
 .data.rel.local
                0x0000000000250480      0x3e0 build/f_finale.o
                0x0000000000250480                castorder
 .data          0x0000000000250860      0x14c build/g_game.o
                0x0000000000250860                cpars
                0x00000000002508e0                pars
                0x0000000000250980                vanilla_demo_limit
                0x0000000000250984                vanilla_savegame_limit
                0x0000000000250988                angleturn
                0x0000000000250998                sidemove
                0x00000000002509a0                forwardmove
                0x00000000002509a8                precache
 *fill*         0x00000000002509ac       0x14 
 .data.rel.local
                0x00000000002509c0      0x4f0 build/hu_stuff.o
                0x00000000002509c0                mapnames_commercial
                0x0000000000250cc0                mapnames
                0x0000000000250e40                player_names
                0x0000000000250e60                chat_macros
 *fill*         0x0000000000250eb0       0x10 
 .data          0x0000000000250ec0     0x313c build/info.o
                0x0000000000250ec0                mobjinfo
 *fill*         0x0000000000253ffc        0x4 
 .data.rel      0x0000000000254000     0x9718 build/info.o
                0x0000000000254000                states
 *fill*         0x000000000025d718        0x8 
 .data.rel.local
                0x000000000025d720      0x458 build/info.o
                0x000000000025d720                sprnames
 *fill*         0x000000000025db78        0x8 
 .data          0x000000000025db80       0x34 build/i_joystick.o
 .data          0x000000000025dbb4       0x14 build/i_sound.o
                0x000000000025dbb4                snd_sfxdevice
                0x000000000025dbb8                snd_musicdevice
                0x000000000025dbbc                snd_maxslicetime_ms
                0x000000000025dbc0                snd_cachesize
                0x000000000025dbc4                snd_samplerate
 .data          0x000000000025dbc8        0x4 build/i_system.o
 *fill*         0x000000000025dbcc        0x4 
 .data.rel.local
                0x000000000025dbd0        0x8 build/i_system.o
 *fill*         0x000000000025dbd8        0x8 
 .data.rel.local
                0x000000000025dbe0     0x18a0 build/m_config.o
 .data          0x000000000025f480      0x19c build/m_controls.o
                0x000000000025f480                dclick_use
                0x000000000025f484                joybmenu
                0x000000000025f488                joybnextweapon
                0x000000000025f48c                joybprevweapon
                0x000000000025f490                joybjump
                0x000000000025f494                joybstraferight
                0x000000000025f498                joybstrafeleft
                0x000000000025f49c                joybspeed
                0x000000000025f4a0                joybuse
                0x000000000025f4a4                joybstrafe
                0x000000000025f4a8                key_menu_decscreen
                0x000000000025f4ac                key_menu_incscreen
                0x000000000025f4b0                key_menu_gamma
                0x000000000025f4b4                key_menu_quit
                0x000000000025f4b8                key_menu_qload
                0x000000000025f4bc                key_menu_messages
                0x000000000025f4c0                key_menu_endgame
                0x000000000025f4c4                key_menu_qsave
                0x000000000025f4c8                key_menu_detail
                0x000000000025f4cc                key_menu_volume
                0x000000000025f4d0                key_menu_load
                0x000000000025f4d4                key_menu_save
                0x000000000025f4d8                key_menu_help
                0x000000000025f4dc                key_menu_abort
                0x000000000025f4e0                key_menu_confirm